#-----------------------------------------------------------
# Vivado v2025.1 (64-bit)
# SW Build 6140274 on Thu May 22 00:12:29 MDT 2025
# IP Build 6138677 on Thu May 22 03:10:11 MDT 2025
# SharedData Build 6139179 on Tue May 20 17:58:58 MDT 2025
# Start of session at: Tue Oct  6 14:25:43 2026
# Process ID         : 14192
# Current directory  : C:/01_FPGA_Workspace/EthernetAX7A200B/ethernet_main
# Command line       : vivado.exe -gui_launcher_event rodinguilauncherevent15600 C:\01_FPGA_Workspace\EthernetAX7A200B\ethernet_main\ethernet_main.xpr
# Log file           : C:/01_FPGA_Workspace/EthernetAX7A200B/ethernet_main/vivado.log
# Journal file       : C:/01_FPGA_Workspace/EthernetAX7A200B/ethernet_main\vivado.jou
# Running On         : killcrafterHD
# Platform           : Windows Server 2016 or Windows 10
# Operating System   : 26200
# Processor Detail   : 12th Gen Intel(R) Core(TM) i7-12700K
# CPU Frequency      : 3610 MHz
# CPU Physical cores : 12
# CPU Logical cores  : 20
# Host memory        : 34122 MB
# Swap memory        : 2550 MB
# Total Virtual      : 36672 MB
# Available Virtual  : 23592 MB
#-----------------------------------------------------------
start_gui
open_project C:/01_FPGA_Workspace/EthernetAX7A200B/ethernet_main/ethernet_main.xpr
