
*** Running vivado
    with args -log design_1_wrapper.vdi -applog -m64 -product Vivado -messageDb vivado.pb -mode batch -source design_1_wrapper.tcl -notrace



****** Vivado v2025.1 (64-bit)
  **** SW Build 6140274 on Thu May 22 00:12:29 MDT 2025
  **** IP Build 6138677 on Thu May 22 03:10:11 MDT 2025
  **** SharedData Build 6139179 on Tue May 20 17:58:58 MDT 2025
  **** Start of session at: Sat Oct  3 22:19:47 2026
    ** Copyright 1986-2022 Xilinx, Inc. All Rights Reserved.
    ** Copyright 2022-2025 Advanced Micro Devices, Inc. All Rights Reserved.

source design_1_wrapper.tcl -notrace
INFO: [IP_Flow 19-234] Refreshing IP repositories
INFO: [IP_Flow 19-1704] No user IP repositories specified
INFO: [IP_Flow 19-2313] Loaded Vivado IP repository 'C:/Xilinx/2025.1/Vivado/data/ip'.
Command: link_design -top design_1_wrapper -part xc7a200tfbg484-2
Design is defaulting to srcset: sources_1
Design is defaulting to constrset: constrs_1
INFO: [Device 21-403] Loading part xc7a200tfbg484-2
INFO: [Project 1-5699] Read binary netlist with skipMacroContent - 1
INFO: [Project 1-454] Reading design checkpoint 'c:/01_FPGA_Workspace/ethernet_main/ethernet_main.gen/sources_1/bd/design_1/ip/design_1_ila_0_0/design_1_ila_0_0.dcp' for cell 'design_1_i/ila_0'
INFO: [Project 1-454] Reading design checkpoint 'c:/01_FPGA_Workspace/ethernet_main/ethernet_main.gen/sources_1/bd/design_1/ip/design_1_rgmii_rx_0_0/design_1_rgmii_rx_0_0.dcp' for cell 'design_1_i/rgmii_rx_0'
Netlist sorting complete. Time (s): cpu = 00:00:00 ; elapsed = 00:00:00.015 . Memory (MB): peak = 800.715 ; gain = 0.000
INFO: [Netlist 29-17] Analyzing 51 Unisim elements for replacement
INFO: [Netlist 29-28] Unisim Transformation completed in 0 CPU seconds
INFO: [Project 1-479] Netlist was created with Vivado 2025.1
INFO: [Project 1-570] Preparing netlist for logic optimization
INFO: [Chipscope 16-324] Core: design_1_i/ila_0 UUID: be177176-557e-59fe-ace2-fe04795a2b22 
Parsing XDC File [c:/01_FPGA_Workspace/ethernet_main/ethernet_main.gen/sources_1/bd/design_1/ip/design_1_ila_0_0/ila_v6_2/constraints/ila_impl.xdc] for cell 'design_1_i/ila_0/inst'
WARNING: [Vivado_Tcl 4-921] Waiver ID 'CDC-10' -to list should not be empty. [c:/01_FPGA_Workspace/ethernet_main/ethernet_main.gen/sources_1/bd/design_1/ip/design_1_ila_0_0/ila_v6_2/constraints/ila_impl.xdc:22]
WARNING: [Vivado_Tcl 4-921] Waiver ID 'CDC-10' -to list should not be empty. [c:/01_FPGA_Workspace/ethernet_main/ethernet_main.gen/sources_1/bd/design_1/ip/design_1_ila_0_0/ila_v6_2/constraints/ila_impl.xdc:26]
Finished Parsing XDC File [c:/01_FPGA_Workspace/ethernet_main/ethernet_main.gen/sources_1/bd/design_1/ip/design_1_ila_0_0/ila_v6_2/constraints/ila_impl.xdc] for cell 'design_1_i/ila_0/inst'
Parsing XDC File [c:/01_FPGA_Workspace/ethernet_main/ethernet_main.gen/sources_1/bd/design_1/ip/design_1_ila_0_0/ila_v6_2/constraints/ila.xdc] for cell 'design_1_i/ila_0/inst'
WARNING: [Vivado_Tcl 4-921] Waiver ID 'CDC-10' -to list should not be empty. [c:/01_FPGA_Workspace/ethernet_main/ethernet_main.gen/sources_1/bd/design_1/ip/design_1_ila_0_0/ila_v6_2/constraints/ila.xdc:101]
Finished Parsing XDC File [c:/01_FPGA_Workspace/ethernet_main/ethernet_main.gen/sources_1/bd/design_1/ip/design_1_ila_0_0/ila_v6_2/constraints/ila.xdc] for cell 'design_1_i/ila_0/inst'
Parsing XDC File [C:/01_FPGA_Workspace/ethernet_main/ethernet_main.srcs/constrs_1/new/CF.xdc]
Finished Parsing XDC File [C:/01_FPGA_Workspace/ethernet_main/ethernet_main.srcs/constrs_1/new/CF.xdc]
INFO: [Opt 31-138] Pushed 0 inverter(s) to 0 load pin(s).
INFO: [Project 1-1687] 4 scoped IP constraints or related sub-commands were skipped due to synthesis logic optimizations usually triggered by constant connectivity or unconnected output pins. To review the skipped constraints and messages, run the command 'set_param netlist.IPMsgFiltering false' before opening the design.
Netlist sorting complete. Time (s): cpu = 00:00:00 ; elapsed = 00:00:00.001 . Memory (MB): peak = 958.152 ; gain = 0.000
INFO: [Project 1-111] Unisim Transformation Summary:
  A total of 24 instances were transformed.
  CFGLUT5 => CFGLUT5 (SRL16E, SRLC32E): 24 instances

15 Infos, 3 Warnings, 0 Critical Warnings and 0 Errors encountered.
link_design completed successfully
Command: opt_design
Attempting to get a license for feature 'Implementation' and/or device 'xc7a200t'
INFO: [Common 17-349] Got license for feature 'Implementation' and/or device 'xc7a200t'
Running DRC as a precondition to command opt_design

Starting DRC Task
INFO: [DRC 23-27] Running DRC with 2 threads
INFO: [Project 1-461] DRC finished with 0 Errors
INFO: [Project 1-462] Please refer to the DRC report (report_drc) for more information.

Time (s): cpu = 00:00:01 ; elapsed = 00:00:00.640 . Memory (MB): peak = 994.578 ; gain = 36.426

Starting Cache Timing Information Task
INFO: [Timing 38-35] Done setting XDC timing constraints.
Ending Cache Timing Information Task | Checksum: 244cddf43

Time (s): cpu = 00:00:05 ; elapsed = 00:00:05 . Memory (MB): peak = 1569.406 ; gain = 574.828

Starting Logic Optimization Task

Phase 1 Initialization

Phase 1.1 Core Generation And Design Setup

Phase 1.1.1 Generate And Synthesize Debug Cores
INFO: [Chipscope 16-329] Generating Script for core instance : dbg_hub 
INFO: [IP_Flow 19-3806] Processing IP xilinx.com:ip:xsdbm:3.0 for cell dbg_hub_CV.
INFO: [Chipscope 16-469] Using cached IP synthesis design for IP xilinx.com:ip:xsdbm:3.0, cache-ID = e058bc2ffb431452.
Done building netlist checker database: Time (s): cpu = 00:00:00 ; elapsed = 00:00:00.001 . Memory (MB): peak = 2022.648 ; gain = 0.000
Netlist sorting complete. Time (s): cpu = 00:00:00 ; elapsed = 00:00:00.012 . Memory (MB): peak = 2023.473 ; gain = 0.000
Phase 1.1.1 Generate And Synthesize Debug Cores | Checksum: 1fa2c6300

Time (s): cpu = 00:00:00 ; elapsed = 00:00:13 . Memory (MB): peak = 2023.473 ; gain = 23.109
Phase 1.1 Core Generation And Design Setup | Checksum: 1fa2c6300

Time (s): cpu = 00:00:00 ; elapsed = 00:00:13 . Memory (MB): peak = 2023.473 ; gain = 23.109

Phase 1.2 Setup Constraints And Sort Netlist
Phase 1.2 Setup Constraints And Sort Netlist | Checksum: 1fa2c6300

Time (s): cpu = 00:00:00 ; elapsed = 00:00:13 . Memory (MB): peak = 2023.473 ; gain = 23.109
Phase 1 Initialization | Checksum: 1fa2c6300

Time (s): cpu = 00:00:00 ; elapsed = 00:00:13 . Memory (MB): peak = 2023.473 ; gain = 23.109

Phase 2 Timer Update And Timing Data Collection

Phase 2.1 Timer Update
Phase 2.1 Timer Update | Checksum: 1fa2c6300

Time (s): cpu = 00:00:00 ; elapsed = 00:00:13 . Memory (MB): peak = 2023.473 ; gain = 23.109

Phase 2.2 Timing Data Collection
Phase 2.2 Timing Data Collection | Checksum: 1fa2c6300

Time (s): cpu = 00:00:00 ; elapsed = 00:00:13 . Memory (MB): peak = 2023.473 ; gain = 23.109
Phase 2 Timer Update And Timing Data Collection | Checksum: 1fa2c6300

Time (s): cpu = 00:00:00 ; elapsed = 00:00:13 . Memory (MB): peak = 2023.473 ; gain = 23.109

Phase 3 Retarget
INFO: [Opt 31-1851] Number of loadless carry chains removed were: 0
INFO: [Opt 31-1834] Total Chains To Be Transformed Were: 0 AND Number of Transformed insts Created are: 0
INFO: [Opt 31-1566] Pulled 1 inverters resulting in an inversion of 15 pins
INFO: [Opt 31-138] Pushed 1 inverter(s) to 1 load pin(s).
INFO: [Opt 31-49] Retargeted 0 cell(s).
Phase 3 Retarget | Checksum: 28317dc64

Time (s): cpu = 00:00:00 ; elapsed = 00:00:13 . Memory (MB): peak = 2023.473 ; gain = 23.109
Retarget | Checksum: 28317dc64
INFO: [Opt 31-389] Phase Retarget created 7 cells and removed 15 cells
INFO: [Opt 31-1021] In phase Retarget, 65 netlist objects are constrained preventing optimization. Please run opt_design with -debug_log to get more detail. 

Phase 4 Constant propagation
INFO: [Opt 31-138] Pushed 0 inverter(s) to 0 load pin(s).
Phase 4 Constant propagation | Checksum: 2a289be05

Time (s): cpu = 00:00:00 ; elapsed = 00:00:13 . Memory (MB): peak = 2023.473 ; gain = 23.109
Constant propagation | Checksum: 2a289be05
INFO: [Opt 31-389] Phase Constant propagation created 0 cells and removed 16 cells
INFO: [Opt 31-1021] In phase Constant propagation, 47 netlist objects are constrained preventing optimization. Please run opt_design with -debug_log to get more detail. 

Phase 5 Sweep
INFO: [Constraints 18-11670] Building netlist checker database with flags, 0x8
Done building netlist checker database: Time (s): cpu = 00:00:00 ; elapsed = 00:00:00.001 . Memory (MB): peak = 2023.473 ; gain = 0.000
INFO: [Constraints 18-11670] Building netlist checker database with flags, 0x8
Done building netlist checker database: Time (s): cpu = 00:00:00 ; elapsed = 00:00:00 . Memory (MB): peak = 2023.473 ; gain = 0.000
Phase 5 Sweep | Checksum: 2b1fcf9c0

Time (s): cpu = 00:00:00 ; elapsed = 00:00:13 . Memory (MB): peak = 2023.473 ; gain = 23.109
Sweep | Checksum: 2b1fcf9c0
INFO: [Opt 31-389] Phase Sweep created 0 cells and removed 75 cells
INFO: [Opt 31-1021] In phase Sweep, 878 netlist objects are constrained preventing optimization. Please run opt_design with -debug_log to get more detail. 

Phase 6 BUFG optimization
INFO: [Opt 31-194] Inserted BUFG i_eth_clk_IBUF_BUFG_inst to drive 1370 load(s) on clock net i_eth_clk_IBUF_BUFG
INFO: [Opt 31-193] Inserted 1 BUFG(s) on clock nets
Phase 6 BUFG optimization | Checksum: 22577b176

Time (s): cpu = 00:00:00 ; elapsed = 00:00:13 . Memory (MB): peak = 2023.473 ; gain = 23.109
BUFG optimization | Checksum: 22577b176
INFO: [Opt 31-662] Phase BUFG optimization created 1 cells of which 1 are BUFGs and removed 0 cells.

Phase 7 Shift Register Optimization
INFO: [Opt 31-1064] SRL Remap converted 0 SRLs to 0 registers and converted 0 registers of register chains to 0 SRLs
Phase 7 Shift Register Optimization | Checksum: 22577b176

Time (s): cpu = 00:00:00 ; elapsed = 00:00:13 . Memory (MB): peak = 2023.473 ; gain = 23.109
Shift Register Optimization | Checksum: 22577b176
INFO: [Opt 31-389] Phase Shift Register Optimization created 0 cells and removed 0 cells

Phase 8 Post Processing Netlist
Phase 8 Post Processing Netlist | Checksum: 22577b176

Time (s): cpu = 00:00:00 ; elapsed = 00:00:13 . Memory (MB): peak = 2023.473 ; gain = 23.109
Post Processing Netlist | Checksum: 22577b176
INFO: [Opt 31-389] Phase Post Processing Netlist created 0 cells and removed 0 cells
INFO: [Opt 31-1021] In phase Post Processing Netlist, 58 netlist objects are constrained preventing optimization. Please run opt_design with -debug_log to get more detail. 

Phase 9 Finalization

Phase 9.1 Finalizing Design Cores and Updating Shapes
Phase 9.1 Finalizing Design Cores and Updating Shapes | Checksum: 2c116fe1a

Time (s): cpu = 00:00:00 ; elapsed = 00:00:13 . Memory (MB): peak = 2023.473 ; gain = 23.109

Phase 9.2 Verifying Netlist Connectivity

Starting Connectivity Check Task

Time (s): cpu = 00:00:00 ; elapsed = 00:00:00.007 . Memory (MB): peak = 2023.473 ; gain = 0.000
Phase 9.2 Verifying Netlist Connectivity | Checksum: 2c116fe1a

Time (s): cpu = 00:00:00 ; elapsed = 00:00:13 . Memory (MB): peak = 2023.473 ; gain = 23.109
Phase 9 Finalization | Checksum: 2c116fe1a

Time (s): cpu = 00:00:00 ; elapsed = 00:00:13 . Memory (MB): peak = 2023.473 ; gain = 23.109
Opt_design Change Summary
=========================


-------------------------------------------------------------------------------------------------------------------------
|  Phase                        |  #Cells created  |  #Cells Removed  |  #Constrained objects preventing optimizations  |
-------------------------------------------------------------------------------------------------------------------------
|  Retarget                     |               7  |              15  |                                             65  |
|  Constant propagation         |               0  |              16  |                                             47  |
|  Sweep                        |               0  |              75  |                                            878  |
|  BUFG optimization            |               1  |               0  |                                              0  |
|  Shift Register Optimization  |               0  |               0  |                                              0  |
|  Post Processing Netlist      |               0  |               0  |                                             58  |
-------------------------------------------------------------------------------------------------------------------------


Ending Logic Optimization Task | Checksum: 2c116fe1a

Time (s): cpu = 00:00:00 ; elapsed = 00:00:13 . Memory (MB): peak = 2023.473 ; gain = 23.109

Starting Power Optimization Task
INFO: [Pwropt 34-132] Skipping clock gating for clocks with a period < 2.00 ns.
INFO: [Pwropt 34-9] Applying IDT optimizations ...
INFO: [Pwropt 34-10] Applying ODC optimizations ...
INFO: [Timing 38-35] Done setting XDC timing constraints.
Running Vector-less Activity Propagation...

Finished Running Vector-less Activity Propagation


Starting PowerOpt Patch Enables Task
INFO: [Pwropt 34-162] WRITE_MODE attribute of 0 BRAM(s) out of a total of 2 has been updated to save power. Run report_power_opt to get a complete listing of the BRAMs updated.
INFO: [Pwropt 34-201] Structural ODC has moved 0 WE to EN ports
Number of BRAM Ports augmented: 2 newly gated: 0 Total Ports: 4
Ending PowerOpt Patch Enables Task | Checksum: 1e7c26b7d

Time (s): cpu = 00:00:00 ; elapsed = 00:00:00.012 . Memory (MB): peak = 2098.520 ; gain = 0.000
Ending Power Optimization Task | Checksum: 1e7c26b7d

Time (s): cpu = 00:00:01 ; elapsed = 00:00:00.603 . Memory (MB): peak = 2098.520 ; gain = 75.047

Starting Final Cleanup Task
Ending Final Cleanup Task | Checksum: 1e7c26b7d

Time (s): cpu = 00:00:00 ; elapsed = 00:00:00 . Memory (MB): peak = 2098.520 ; gain = 0.000

Starting Netlist Obfuscation Task
Netlist sorting complete. Time (s): cpu = 00:00:00 ; elapsed = 00:00:00.001 . Memory (MB): peak = 2098.520 ; gain = 0.000
Ending Netlist Obfuscation Task | Checksum: 1f04ddd82

Time (s): cpu = 00:00:00 ; elapsed = 00:00:00.001 . Memory (MB): peak = 2098.520 ; gain = 0.000
INFO: [Common 17-83] Releasing license: Implementation
55 Infos, 3 Warnings, 0 Critical Warnings and 0 Errors encountered.
opt_design completed successfully
opt_design: Time (s): cpu = 00:00:09 ; elapsed = 00:00:21 . Memory (MB): peak = 2098.520 ; gain = 1140.367
INFO: [Vivado 12-24828] Executing command : report_drc -file design_1_wrapper_drc_opted.rpt -pb design_1_wrapper_drc_opted.pb -rpx design_1_wrapper_drc_opted.rpx
Command: report_drc -file design_1_wrapper_drc_opted.rpt -pb design_1_wrapper_drc_opted.pb -rpx design_1_wrapper_drc_opted.rpx
INFO: [IP_Flow 19-1839] IP Catalog is up to date.
INFO: [DRC 23-27] Running DRC with 2 threads
INFO: [Vivado_Tcl 2-168] The results of DRC are in file C:/01_FPGA_Workspace/ethernet_main/ethernet_main.runs/impl_1/design_1_wrapper_drc_opted.rpt.
report_drc completed successfully
INFO: [Timing 38-35] Done setting XDC timing constraints.
INFO: [Timing 38-480] Writing timing data to binary archive.
Wrote PlaceDB: Time (s): cpu = 00:00:00 ; elapsed = 00:00:00 . Memory (MB): peak = 2098.520 ; gain = 0.000
Wrote PulsedLatchDB: Time (s): cpu = 00:00:00 ; elapsed = 00:00:00 . Memory (MB): peak = 2098.520 ; gain = 0.000
Write ShapeDB Complete: Time (s): cpu = 00:00:00 ; elapsed = 00:00:00.004 . Memory (MB): peak = 2098.520 ; gain = 0.000
Writing XDEF routing.
Writing XDEF routing logical nets.
Writing XDEF routing special nets.
Wrote RouteStorage: Time (s): cpu = 00:00:00 ; elapsed = 00:00:00.012 . Memory (MB): peak = 2098.520 ; gain = 0.000
Wrote Netlist Cache: Time (s): cpu = 00:00:00 ; elapsed = 00:00:00 . Memory (MB): peak = 2098.520 ; gain = 0.000
Wrote Device Cache: Time (s): cpu = 00:00:00 ; elapsed = 00:00:00.004 . Memory (MB): peak = 2098.520 ; gain = 0.000
Write Physdb Complete: Time (s): cpu = 00:00:00 ; elapsed = 00:00:00.021 . Memory (MB): peak = 2098.520 ; gain = 0.000
INFO: [Common 17-1381] The checkpoint 'C:/01_FPGA_Workspace/ethernet_main/ethernet_main.runs/impl_1/design_1_wrapper_opt.dcp' has been generated.
INFO: [Chipscope 16-240] Debug cores have already been implemented
Command: place_design
Attempting to get a license for feature 'Implementation' and/or device 'xc7a200t'
INFO: [Common 17-349] Got license for feature 'Implementation' and/or device 'xc7a200t'
INFO: [Common 17-83] Releasing license: Implementation
INFO: [DRC 23-27] Running DRC with 2 threads
INFO: [Vivado_Tcl 4-198] DRC finished with 0 Errors
INFO: [Vivado_Tcl 4-199] Please refer to the DRC report (report_drc) for more information.
Running DRC as a precondition to command place_design
INFO: [DRC 23-27] Running DRC with 2 threads
INFO: [Vivado_Tcl 4-198] DRC finished with 0 Errors
INFO: [Vivado_Tcl 4-199] Please refer to the DRC report (report_drc) for more information.
INFO: [Place 30-611] Multithreading enabled for place_design using a maximum of 2 CPUs

Starting Placer Task

Phase 1 Placer Initialization

Phase 1.1 Placer Initialization Netlist Sorting
Netlist sorting complete. Time (s): cpu = 00:00:00 ; elapsed = 00:00:00.002 . Memory (MB): peak = 2098.520 ; gain = 0.000
Phase 1.1 Placer Initialization Netlist Sorting | Checksum: 1e0e66e59

Time (s): cpu = 00:00:00 ; elapsed = 00:00:00.002 . Memory (MB): peak = 2098.520 ; gain = 0.000
Netlist sorting complete. Time (s): cpu = 00:00:00 ; elapsed = 00:00:00.001 . Memory (MB): peak = 2098.520 ; gain = 0.000

Phase 1.2 IO Placement/ Clock Placement/ Build Placer Device
Phase 1.2 IO Placement/ Clock Placement/ Build Placer Device | Checksum: a0734d7f

Time (s): cpu = 00:00:00 ; elapsed = 00:00:00.315 . Memory (MB): peak = 2098.520 ; gain = 0.000

Phase 1.3 Build Placer Netlist Model
Phase 1.3 Build Placer Netlist Model | Checksum: cbb7ca1a

Time (s): cpu = 00:00:01 ; elapsed = 00:00:00.623 . Memory (MB): peak = 2098.520 ; gain = 0.000

Phase 1.4 Constrain Clocks/Macros
Phase 1.4 Constrain Clocks/Macros | Checksum: cbb7ca1a

Time (s): cpu = 00:00:01 ; elapsed = 00:00:00.628 . Memory (MB): peak = 2098.520 ; gain = 0.000
Phase 1 Placer Initialization | Checksum: cbb7ca1a

Time (s): cpu = 00:00:01 ; elapsed = 00:00:00.635 . Memory (MB): peak = 2098.520 ; gain = 0.000

Phase 2 Global Placement

Phase 2.1 Floorplanning
Phase 2.1 Floorplanning | Checksum: ba5d6a70

Time (s): cpu = 00:00:01 ; elapsed = 00:00:00.712 . Memory (MB): peak = 2098.520 ; gain = 0.000

Phase 2.2 Update Timing before SLR Path Opt
Phase 2.2 Update Timing before SLR Path Opt | Checksum: 149812f28

Time (s): cpu = 00:00:01 ; elapsed = 00:00:00.782 . Memory (MB): peak = 2098.520 ; gain = 0.000

Phase 2.3 Post-Processing in Floorplanning
Phase 2.3 Post-Processing in Floorplanning | Checksum: 149812f28

Time (s): cpu = 00:00:01 ; elapsed = 00:00:00.785 . Memory (MB): peak = 2098.520 ; gain = 0.000

Phase 2.4 Global Place Phase1
Phase 2.4 Global Place Phase1 | Checksum: 1a5bad762

Time (s): cpu = 00:00:03 ; elapsed = 00:00:02 . Memory (MB): peak = 2098.520 ; gain = 0.000

Phase 2.5 Global Place Phase2

Phase 2.5.1 UpdateTiming Before Physical Synthesis
Phase 2.5.1 UpdateTiming Before Physical Synthesis | Checksum: 1cbda8275

Time (s): cpu = 00:00:03 ; elapsed = 00:00:02 . Memory (MB): peak = 2098.520 ; gain = 0.000

Phase 2.5.2 Physical Synthesis In Placer
INFO: [Physopt 32-1035] Found 0 LUTNM shape to break, 102 LUT instances to create LUTNM shape
INFO: [Physopt 32-1044] Break lutnm for timing: one critical 0, two critical 0, total 0, new lutff created 0
INFO: [Physopt 32-1138] End 1 Pass. Optimized 46 nets or LUTs. Breaked 0 LUT, combined 46 existing LUTs and moved 0 existing LUT
INFO: [Physopt 32-65] No nets found for high-fanout optimization.
INFO: [Physopt 32-232] Optimized 0 net. Created 0 new instance.
INFO: [Physopt 32-775] End 1 Pass. Optimized 0 net or cell. Created 0 new cell, deleted 0 existing cell and moved 0 existing cell
INFO: [Physopt 32-670] No setup violation found.  DSP Register Optimization was not performed.
INFO: [Physopt 32-670] No setup violation found.  Shift Register to Pipeline Optimization was not performed.
INFO: [Physopt 32-670] No setup violation found.  Shift Register Optimization was not performed.
INFO: [Physopt 32-670] No setup violation found.  BRAM Register Optimization was not performed.
INFO: [Physopt 32-670] No setup violation found.  URAM Register Optimization was not performed.
INFO: [Physopt 32-949] No candidate nets found for dynamic/static region interface net replication
INFO: [Physopt 32-775] End 1 Pass. Optimized 0 net or cell. Created 0 new cell, deleted 0 existing cell and moved 0 existing cell
Netlist sorting complete. Time (s): cpu = 00:00:00 ; elapsed = 00:00:00.001 . Memory (MB): peak = 2098.520 ; gain = 0.000

Summary of Physical Synthesis Optimizations
============================================


-----------------------------------------------------------------------------------------------------------------------------------------------------------
|  Optimization                                     |  Added Cells  |  Removed Cells  |  Optimized Cells/Nets  |  Dont Touch  |  Iterations  |  Elapsed   |
-----------------------------------------------------------------------------------------------------------------------------------------------------------
|  LUT Combining                                    |            0  |             46  |                    46  |           0  |           1  |  00:00:00  |
|  Retime                                           |            0  |              0  |                     0  |           0  |           1  |  00:00:00  |
|  Very High Fanout                                 |            0  |              0  |                     0  |           0  |           1  |  00:00:00  |
|  DSP Register                                     |            0  |              0  |                     0  |           0  |           0  |  00:00:00  |
|  Shift Register to Pipeline                       |            0  |              0  |                     0  |           0  |           0  |  00:00:00  |
|  Shift Register                                   |            0  |              0  |                     0  |           0  |           0  |  00:00:00  |
|  BRAM Register                                    |            0  |              0  |                     0  |           0  |           0  |  00:00:00  |
|  URAM Register                                    |            0  |              0  |                     0  |           0  |           0  |  00:00:00  |
|  Dynamic/Static Region Interface Net Replication  |            0  |              0  |                     0  |           0  |           1  |  00:00:00  |
|  Total                                            |            0  |             46  |                    46  |           0  |           4  |  00:00:00  |
-----------------------------------------------------------------------------------------------------------------------------------------------------------


Phase 2.5.2 Physical Synthesis In Placer | Checksum: 26f8438f9

Time (s): cpu = 00:00:03 ; elapsed = 00:00:02 . Memory (MB): peak = 2098.520 ; gain = 0.000
Phase 2.5 Global Place Phase2 | Checksum: 2bd608756

Time (s): cpu = 00:00:03 ; elapsed = 00:00:02 . Memory (MB): peak = 2098.520 ; gain = 0.000
Phase 2 Global Placement | Checksum: 2bd608756

Time (s): cpu = 00:00:03 ; elapsed = 00:00:02 . Memory (MB): peak = 2098.520 ; gain = 0.000

Phase 3 Detail Placement

Phase 3.1 Commit Multi Column Macros
Phase 3.1 Commit Multi Column Macros | Checksum: 3097dd763

Time (s): cpu = 00:00:04 ; elapsed = 00:00:02 . Memory (MB): peak = 2098.520 ; gain = 0.000

Phase 3.2 Commit Most Macros & LUTRAMs
Phase 3.2 Commit Most Macros & LUTRAMs | Checksum: 1b59a1f1d

Time (s): cpu = 00:00:04 ; elapsed = 00:00:02 . Memory (MB): peak = 2098.520 ; gain = 0.000

Phase 3.3 Area Swap Optimization
Phase 3.3 Area Swap Optimization | Checksum: 22318a5fd

Time (s): cpu = 00:00:04 ; elapsed = 00:00:02 . Memory (MB): peak = 2098.520 ; gain = 0.000

Phase 3.4 Pipeline Register Optimization
Phase 3.4 Pipeline Register Optimization | Checksum: 20dc0f600

Time (s): cpu = 00:00:04 ; elapsed = 00:00:02 . Memory (MB): peak = 2098.520 ; gain = 0.000

Phase 3.5 Small Shape Detail Placement
Phase 3.5 Small Shape Detail Placement | Checksum: 27258bd4b

Time (s): cpu = 00:00:05 ; elapsed = 00:00:03 . Memory (MB): peak = 2098.520 ; gain = 0.000

Phase 3.6 Re-assign LUT pins
Phase 3.6 Re-assign LUT pins | Checksum: 251db5fa5

Time (s): cpu = 00:00:05 ; elapsed = 00:00:03 . Memory (MB): peak = 2098.520 ; gain = 0.000

Phase 3.7 Pipeline Register Optimization
Phase 3.7 Pipeline Register Optimization | Checksum: 1d4a57f21

Time (s): cpu = 00:00:05 ; elapsed = 00:00:03 . Memory (MB): peak = 2098.520 ; gain = 0.000
Phase 3 Detail Placement | Checksum: 1d4a57f21

Time (s): cpu = 00:00:05 ; elapsed = 00:00:03 . Memory (MB): peak = 2098.520 ; gain = 0.000

Phase 4 Post Placement Optimization and Clean-Up

Phase 4.1 Post Commit Optimization
INFO: [Timing 38-35] Done setting XDC timing constraints.

Phase 4.1.1 Post Placement Optimization
Post Placement Optimization Initialization | Checksum: 2758d5894

Phase 4.1.1.1 BUFG Insertion

Starting Physical Synthesis Task

Phase 1 Physical Synthesis Initialization
INFO: [Physopt 32-721] Multithreading enabled for phys_opt_design using a maximum of 2 CPUs
INFO: [Physopt 32-619] Estimated Timing Summary | WNS=1.308 | TNS=0.000 |
Phase 1 Physical Synthesis Initialization | Checksum: 18979e10d

Time (s): cpu = 00:00:00 ; elapsed = 00:00:00.036 . Memory (MB): peak = 2098.520 ; gain = 0.000
INFO: [Place 46-56] BUFG insertion identified 0 candidate nets. Inserted BUFG: 0, Replicated BUFG Driver: 0, Skipped due to Placement/Routing Conflicts: 0, Skipped due to Timing Degradation: 0, Skipped due to netlist editing failed: 0.
Ending Physical Synthesis Task | Checksum: 1b728ed96

Time (s): cpu = 00:00:00 ; elapsed = 00:00:00.046 . Memory (MB): peak = 2098.520 ; gain = 0.000
Phase 4.1.1.1 BUFG Insertion | Checksum: 2758d5894

Time (s): cpu = 00:00:05 ; elapsed = 00:00:03 . Memory (MB): peak = 2098.520 ; gain = 0.000

Phase 4.1.1.2 Post Placement Timing Optimization
INFO: [Place 30-746] Post Placement Timing Summary WNS=1.308. For the most accurate timing information please run report_timing.
Phase 4.1.1.2 Post Placement Timing Optimization | Checksum: 26bf3167f

Time (s): cpu = 00:00:05 ; elapsed = 00:00:03 . Memory (MB): peak = 2098.520 ; gain = 0.000

Time (s): cpu = 00:00:05 ; elapsed = 00:00:03 . Memory (MB): peak = 2098.520 ; gain = 0.000
Phase 4.1 Post Commit Optimization | Checksum: 26bf3167f

Time (s): cpu = 00:00:05 ; elapsed = 00:00:03 . Memory (MB): peak = 2098.520 ; gain = 0.000

Phase 4.2 Post Placement Cleanup
Phase 4.2 Post Placement Cleanup | Checksum: 26bf3167f

Time (s): cpu = 00:00:05 ; elapsed = 00:00:04 . Memory (MB): peak = 2098.520 ; gain = 0.000

Phase 4.3 Placer Reporting

Phase 4.3.1 Print Estimated Congestion
INFO: [Place 30-612] Post-Placement Estimated Congestion 
 ____________________________________________________
|           | Global Congestion | Short Congestion  |
| Direction | Region Size       | Region Size       |
|___________|___________________|___________________|
|      North|                1x1|                1x1|
|___________|___________________|___________________|
|      South|                1x1|                1x1|
|___________|___________________|___________________|
|       East|                1x1|                1x1|
|___________|___________________|___________________|
|       West|                1x1|                1x1|
|___________|___________________|___________________|

Phase 4.3.1 Print Estimated Congestion | Checksum: 26bf3167f

Time (s): cpu = 00:00:05 ; elapsed = 00:00:04 . Memory (MB): peak = 2098.520 ; gain = 0.000
Phase 4.3 Placer Reporting | Checksum: 26bf3167f

Time (s): cpu = 00:00:05 ; elapsed = 00:00:04 . Memory (MB): peak = 2098.520 ; gain = 0.000

Phase 4.4 Final Placement Cleanup
Netlist sorting complete. Time (s): cpu = 00:00:00 ; elapsed = 00:00:00.001 . Memory (MB): peak = 2098.520 ; gain = 0.000

Time (s): cpu = 00:00:05 ; elapsed = 00:00:04 . Memory (MB): peak = 2098.520 ; gain = 0.000
Phase 4 Post Placement Optimization and Clean-Up | Checksum: 2539d89dd

Time (s): cpu = 00:00:05 ; elapsed = 00:00:04 . Memory (MB): peak = 2098.520 ; gain = 0.000
Ending Placer Task | Checksum: 18f6bf1cb

Time (s): cpu = 00:00:05 ; elapsed = 00:00:04 . Memory (MB): peak = 2098.520 ; gain = 0.000
91 Infos, 3 Warnings, 0 Critical Warnings and 0 Errors encountered.
place_design completed successfully
INFO: [Vivado 12-24838] Running report commands "report_control_sets, report_io, report_utilization" in parallel.
Running report generation with 2 threads.
INFO: [Vivado 12-24828] Executing command : report_utilization -file design_1_wrapper_utilization_placed.rpt -pb design_1_wrapper_utilization_placed.pb
INFO: [Vivado 12-24828] Executing command : report_io -file design_1_wrapper_io_placed.rpt
report_io: Time (s): cpu = 00:00:00 ; elapsed = 00:00:00.037 . Memory (MB): peak = 2098.520 ; gain = 0.000
INFO: [Vivado 12-24828] Executing command : report_control_sets -verbose -file design_1_wrapper_control_sets_placed.rpt
report_control_sets: Time (s): cpu = 00:00:00 ; elapsed = 00:00:00.007 . Memory (MB): peak = 2098.520 ; gain = 0.000
INFO: [Timing 38-480] Writing timing data to binary archive.
Write ShapeDB Complete: Time (s): cpu = 00:00:00 ; elapsed = 00:00:00.005 . Memory (MB): peak = 2098.520 ; gain = 0.000
Wrote PlaceDB: Time (s): cpu = 00:00:00 ; elapsed = 00:00:00.126 . Memory (MB): peak = 2098.520 ; gain = 0.000
Wrote PulsedLatchDB: Time (s): cpu = 00:00:00 ; elapsed = 00:00:00 . Memory (MB): peak = 2098.520 ; gain = 0.000
Writing XDEF routing.
Writing XDEF routing logical nets.
Writing XDEF routing special nets.
Wrote RouteStorage: Time (s): cpu = 00:00:00 ; elapsed = 00:00:00.011 . Memory (MB): peak = 2098.520 ; gain = 0.000
Wrote Netlist Cache: Time (s): cpu = 00:00:00 ; elapsed = 00:00:00.002 . Memory (MB): peak = 2098.520 ; gain = 0.000
Wrote Device Cache: Time (s): cpu = 00:00:00 ; elapsed = 00:00:00.004 . Memory (MB): peak = 2098.520 ; gain = 0.000
Write Physdb Complete: Time (s): cpu = 00:00:00 ; elapsed = 00:00:00.148 . Memory (MB): peak = 2098.520 ; gain = 0.000
INFO: [Common 17-1381] The checkpoint 'C:/01_FPGA_Workspace/ethernet_main/ethernet_main.runs/impl_1/design_1_wrapper_placed.dcp' has been generated.
Command: phys_opt_design
Attempting to get a license for feature 'Implementation' and/or device 'xc7a200t'
INFO: [Common 17-349] Got license for feature 'Implementation' and/or device 'xc7a200t'

Starting Initial Update Timing Task

Time (s): cpu = 00:00:00 ; elapsed = 00:00:00.155 . Memory (MB): peak = 2098.520 ; gain = 0.000
INFO: [Vivado_Tcl 4-2279] Estimated Timing Summary | WNS= 1.308 | TNS= 0.000 | 
INFO: [Vivado_Tcl 4-383] Design worst setup slack (WNS) is greater than or equal to 0.000 ns. All physical synthesis setup optimizations will be skipped.
INFO: [Vivado_Tcl 4-232] No setup violation found. The netlist was not modified.
INFO: [Common 17-83] Releasing license: Implementation
102 Infos, 3 Warnings, 0 Critical Warnings and 0 Errors encountered.
phys_opt_design completed successfully
INFO: [Timing 38-480] Writing timing data to binary archive.
Write ShapeDB Complete: Time (s): cpu = 00:00:00 ; elapsed = 00:00:00.005 . Memory (MB): peak = 2100.027 ; gain = 1.508
Wrote PlaceDB: Time (s): cpu = 00:00:01 ; elapsed = 00:00:00.120 . Memory (MB): peak = 2105.406 ; gain = 5.379
Wrote PulsedLatchDB: Time (s): cpu = 00:00:00 ; elapsed = 00:00:00 . Memory (MB): peak = 2105.406 ; gain = 0.000
Writing XDEF routing.
Writing XDEF routing logical nets.
Writing XDEF routing special nets.
Wrote RouteStorage: Time (s): cpu = 00:00:00 ; elapsed = 00:00:00.012 . Memory (MB): peak = 2105.406 ; gain = 0.000
Wrote Netlist Cache: Time (s): cpu = 00:00:00 ; elapsed = 00:00:00.003 . Memory (MB): peak = 2105.406 ; gain = 0.000
Wrote Device Cache: Time (s): cpu = 00:00:00 ; elapsed = 00:00:00.004 . Memory (MB): peak = 2105.406 ; gain = 0.000
Write Physdb Complete: Time (s): cpu = 00:00:01 ; elapsed = 00:00:00.144 . Memory (MB): peak = 2105.406 ; gain = 6.887
INFO: [Common 17-1381] The checkpoint 'C:/01_FPGA_Workspace/ethernet_main/ethernet_main.runs/impl_1/design_1_wrapper_physopt.dcp' has been generated.
Command: route_design
Attempting to get a license for feature 'Implementation' and/or device 'xc7a200t'
INFO: [Common 17-349] Got license for feature 'Implementation' and/or device 'xc7a200t'


Starting Routing Task
INFO: [Route 35-254] Multithreading enabled for route_design using a maximum of 2 CPUs

Phase 1 Build RT Design
Checksum: PlaceDB: 635ffb4c ConstDB: 0 ShapeSum: 93f10b1b RouteDB: 981aeb64
Post Restoration Checksum: NetGraph: 43aed8c9 | NumContArr: 3736d0a0 | Constraints: c2a8fa9d | Timing: c2a8fa9d
Phase 1 Build RT Design | Checksum: 200379ea3

Time (s): cpu = 00:00:48 ; elapsed = 00:00:45 . Memory (MB): peak = 2292.566 ; gain = 187.160

Phase 2 Router Initialization

Phase 2.1 Fix Topology Constraints
Phase 2.1 Fix Topology Constraints | Checksum: 200379ea3

Time (s): cpu = 00:00:48 ; elapsed = 00:00:45 . Memory (MB): peak = 2292.566 ; gain = 187.160

Phase 2.2 Pre Route Cleanup
Phase 2.2 Pre Route Cleanup | Checksum: 200379ea3

Time (s): cpu = 00:00:48 ; elapsed = 00:00:45 . Memory (MB): peak = 2292.566 ; gain = 187.160
 Number of Nodes with overlaps = 0

Phase 2.3 Update Timing
Phase 2.3 Update Timing | Checksum: 2c09cdae3

Time (s): cpu = 00:00:50 ; elapsed = 00:00:46 . Memory (MB): peak = 2354.793 ; gain = 249.387
INFO: [Route 35-416] Intermediate Timing Summary | WNS=1.620  | TNS=0.000  | WHS=-0.227 | THS=-107.236|


Phase 2.4 Update Timing for Bus Skew

Phase 2.4.1 Update Timing
Phase 2.4.1 Update Timing | Checksum: 34a780a22

Time (s): cpu = 00:00:50 ; elapsed = 00:00:46 . Memory (MB): peak = 2354.793 ; gain = 249.387
INFO: [Route 35-416] Intermediate Timing Summary | WNS=1.620  | TNS=0.000  | WHS=-0.028 | THS=-0.091 |

Phase 2.4 Update Timing for Bus Skew | Checksum: 2c11e0b7f

Time (s): cpu = 00:00:50 ; elapsed = 00:00:46 . Memory (MB): peak = 2354.793 ; gain = 249.387

Phase 2.5 Soft Constraint Pins - Fast Budgeting
Phase 2.5 Soft Constraint Pins - Fast Budgeting | Checksum: 2c11e0b7f

Time (s): cpu = 00:00:50 ; elapsed = 00:00:46 . Memory (MB): peak = 2378.883 ; gain = 273.477

Router Utilization Summary
  Global Vertical Routing Utilization    = 0 %
  Global Horizontal Routing Utilization  = 0 %
  Routable Net Status*
  *Does not include unroutable nets such as driverless and loadless.
  Run report_route_status for detailed report.
  Number of Failed Nets               = 2439
    (Failed Nets is the sum of unrouted and partially routed nets)
  Number of Unrouted Nets             = 2439
  Number of Partially Routed Nets     = 0
  Number of Node Overlaps             = 0

Phase 2 Router Initialization | Checksum: 2a169b99f

Time (s): cpu = 00:00:51 ; elapsed = 00:00:46 . Memory (MB): peak = 2378.883 ; gain = 273.477

Phase 3 Global Routing
Phase 3 Global Routing | Checksum: 2a169b99f

Time (s): cpu = 00:00:51 ; elapsed = 00:00:46 . Memory (MB): peak = 2378.883 ; gain = 273.477

Phase 4 Initial Routing

Phase 4.1 Initial Net Routing Pass
Phase 4.1 Initial Net Routing Pass | Checksum: 2adac1739

Time (s): cpu = 00:00:51 ; elapsed = 00:00:47 . Memory (MB): peak = 2378.883 ; gain = 273.477
Phase 4 Initial Routing | Checksum: 2adac1739

Time (s): cpu = 00:00:51 ; elapsed = 00:00:47 . Memory (MB): peak = 2378.883 ; gain = 273.477

Phase 5 Rip-up And Reroute

Phase 5.1 Global Iteration 0
 Number of Nodes with overlaps = 134
 Number of Nodes with overlaps = 6
 Number of Nodes with overlaps = 0
INFO: [Route 35-416] Intermediate Timing Summary | WNS=1.468  | TNS=0.000  | WHS=N/A    | THS=N/A    |

Phase 5.1 Global Iteration 0 | Checksum: 2933583b5

Time (s): cpu = 00:00:52 ; elapsed = 00:00:47 . Memory (MB): peak = 2378.883 ; gain = 273.477
Phase 5 Rip-up And Reroute | Checksum: 2933583b5

Time (s): cpu = 00:00:52 ; elapsed = 00:00:47 . Memory (MB): peak = 2378.883 ; gain = 273.477

Phase 6 Delay and Skew Optimization

Phase 6.1 Delay CleanUp
Phase 6.1 Delay CleanUp | Checksum: 2933583b5

Time (s): cpu = 00:00:52 ; elapsed = 00:00:47 . Memory (MB): peak = 2378.883 ; gain = 273.477

Phase 6.2 Clock Skew Optimization
Phase 6.2 Clock Skew Optimization | Checksum: 2933583b5

Time (s): cpu = 00:00:52 ; elapsed = 00:00:47 . Memory (MB): peak = 2378.883 ; gain = 273.477
Phase 6 Delay and Skew Optimization | Checksum: 2933583b5

Time (s): cpu = 00:00:52 ; elapsed = 00:00:47 . Memory (MB): peak = 2378.883 ; gain = 273.477

Phase 7 Post Hold Fix

Phase 7.1 Hold Fix Iter
INFO: [Route 35-416] Intermediate Timing Summary | WNS=1.474  | TNS=0.000  | WHS=0.053  | THS=0.000  |

Phase 7.1 Hold Fix Iter | Checksum: 2c93ed01f

Time (s): cpu = 00:00:52 ; elapsed = 00:00:47 . Memory (MB): peak = 2378.883 ; gain = 273.477
Phase 7 Post Hold Fix | Checksum: 2c93ed01f

Time (s): cpu = 00:00:52 ; elapsed = 00:00:47 . Memory (MB): peak = 2378.883 ; gain = 273.477

Phase 8 Route finalize

Router Utilization Summary
  Global Vertical Routing Utilization    = 0.106529 %
  Global Horizontal Routing Utilization  = 0.130139 %
  Routable Net Status*
  *Does not include unroutable nets such as driverless and loadless.
  Run report_route_status for detailed report.
  Number of Failed Nets               = 0
    (Failed Nets is the sum of unrouted and partially routed nets)
  Number of Unrouted Nets             = 0
  Number of Partially Routed Nets     = 0
  Number of Node Overlaps             = 0

Phase 8 Route finalize | Checksum: 2c93ed01f

Time (s): cpu = 00:00:52 ; elapsed = 00:00:47 . Memory (MB): peak = 2378.883 ; gain = 273.477

Phase 9 Verifying routed nets

 Verification completed successfully
Phase 9 Verifying routed nets | Checksum: 2c93ed01f

Time (s): cpu = 00:00:52 ; elapsed = 00:00:47 . Memory (MB): peak = 2378.883 ; gain = 273.477

Phase 10 Depositing Routes
Phase 10 Depositing Routes | Checksum: 331771e7d

Time (s): cpu = 00:00:52 ; elapsed = 00:00:47 . Memory (MB): peak = 2378.883 ; gain = 273.477

Phase 11 Post Process Routing
Phase 11 Post Process Routing | Checksum: 331771e7d

Time (s): cpu = 00:00:52 ; elapsed = 00:00:47 . Memory (MB): peak = 2378.883 ; gain = 273.477

Phase 12 Post Router Timing
INFO: [Route 35-57] Estimated Timing Summary | WNS=1.474  | TNS=0.000  | WHS=0.053  | THS=0.000  |

INFO: [Route 35-327] The final timing numbers are based on the router estimated timing analysis. For a complete and accurate timing signoff, please run report_timing_summary.
Phase 12 Post Router Timing | Checksum: 331771e7d

Time (s): cpu = 00:00:52 ; elapsed = 00:00:47 . Memory (MB): peak = 2378.883 ; gain = 273.477
Total Elapsed time in route_design: 47.29 secs

Phase 13 Post-Route Event Processing
Phase 13 Post-Route Event Processing | Checksum: 191e21b02

Time (s): cpu = 00:00:52 ; elapsed = 00:00:47 . Memory (MB): peak = 2378.883 ; gain = 273.477
INFO: [Route 35-16] Router Completed Successfully
Ending Routing Task | Checksum: 191e21b02

Time (s): cpu = 00:00:52 ; elapsed = 00:00:47 . Memory (MB): peak = 2378.883 ; gain = 273.477

Routing Is Done.
INFO: [Common 17-83] Releasing license: Implementation
114 Infos, 3 Warnings, 0 Critical Warnings and 0 Errors encountered.
route_design completed successfully
route_design: Time (s): cpu = 00:00:52 ; elapsed = 00:00:47 . Memory (MB): peak = 2378.883 ; gain = 273.477
INFO: [Vivado 12-24828] Executing command : report_drc -file design_1_wrapper_drc_routed.rpt -pb design_1_wrapper_drc_routed.pb -rpx design_1_wrapper_drc_routed.rpx
Command: report_drc -file design_1_wrapper_drc_routed.rpt -pb design_1_wrapper_drc_routed.pb -rpx design_1_wrapper_drc_routed.rpx
INFO: [IP_Flow 19-1839] IP Catalog is up to date.
INFO: [DRC 23-27] Running DRC with 2 threads
INFO: [Vivado_Tcl 2-168] The results of DRC are in file C:/01_FPGA_Workspace/ethernet_main/ethernet_main.runs/impl_1/design_1_wrapper_drc_routed.rpt.
report_drc completed successfully
INFO: [Vivado 12-24828] Executing command : report_methodology -file design_1_wrapper_methodology_drc_routed.rpt -pb design_1_wrapper_methodology_drc_routed.pb -rpx design_1_wrapper_methodology_drc_routed.rpx
Command: report_methodology -file design_1_wrapper_methodology_drc_routed.rpt -pb design_1_wrapper_methodology_drc_routed.pb -rpx design_1_wrapper_methodology_drc_routed.rpx
INFO: [Timing 38-35] Done setting XDC timing constraints.
INFO: [DRC 23-133] Running Methodology with 2 threads
INFO: [Vivado_Tcl 2-1520] The results of Report Methodology are in file C:/01_FPGA_Workspace/ethernet_main/ethernet_main.runs/impl_1/design_1_wrapper_methodology_drc_routed.rpt.
report_methodology completed successfully
INFO: [Vivado 12-24828] Executing command : report_timing_summary -max_paths 10 -routable_nets -report_unconstrained -file design_1_wrapper_timing_summary_routed.rpt -pb design_1_wrapper_timing_summary_routed.pb -rpx design_1_wrapper_timing_summary_routed.rpx -warn_on_violation 
INFO: [Timing 38-35] Done setting XDC timing constraints.
INFO: [Timing 38-91] UpdateTimingParams: Speed grade: -2, Delay Type: min_max.
INFO: [Timing 38-191] Multithreading enabled for timing update using a maximum of 2 CPUs
WARNING: [Timing 38-436] There are set_bus_skew constraint(s) in this design. Please run report_bus_skew to ensure that bus skew requirements are met.
INFO: [Vivado 12-24838] Running report commands "report_incremental_reuse, report_route_status" in parallel.
Running report generation with 2 threads.
INFO: [Vivado 12-24828] Executing command : report_incremental_reuse -file design_1_wrapper_incremental_reuse_routed.rpt
INFO: [Vivado_Tcl 4-1062] Incremental flow is disabled. No incremental reuse Info to report.
INFO: [Vivado 12-24828] Executing command : report_route_status -file design_1_wrapper_route_status.rpt -pb design_1_wrapper_route_status.pb
INFO: [Vivado 12-24828] Executing command : report_power -file design_1_wrapper_power_routed.rpt -pb design_1_wrapper_power_summary_routed.pb -rpx design_1_wrapper_power_routed.rpx
Command: report_power -file design_1_wrapper_power_routed.rpt -pb design_1_wrapper_power_summary_routed.pb -rpx design_1_wrapper_power_routed.rpx
Running Vector-less Activity Propagation...

Finished Running Vector-less Activity Propagation
131 Infos, 4 Warnings, 0 Critical Warnings and 0 Errors encountered.
report_power completed successfully
INFO: [Vivado 12-24828] Executing command : report_clock_utilization -file design_1_wrapper_clock_utilization_routed.rpt
INFO: [Vivado 12-24828] Executing command : report_bus_skew -warn_on_violation -file design_1_wrapper_bus_skew_routed.rpt -pb design_1_wrapper_bus_skew_routed.pb -rpx design_1_wrapper_bus_skew_routed.rpx
INFO: [Timing 38-91] UpdateTimingParams: Speed grade: -2, Delay Type: min_max.
INFO: [Timing 38-191] Multithreading enabled for timing update using a maximum of 2 CPUs
generate_parallel_reports: Time (s): cpu = 00:00:08 ; elapsed = 00:00:05 . Memory (MB): peak = 2383.043 ; gain = 4.160
INFO: [Timing 38-480] Writing timing data to binary archive.
Write ShapeDB Complete: Time (s): cpu = 00:00:00 ; elapsed = 00:00:00.005 . Memory (MB): peak = 2383.043 ; gain = 0.000
Wrote PlaceDB: Time (s): cpu = 00:00:01 ; elapsed = 00:00:00.122 . Memory (MB): peak = 2393.254 ; gain = 10.211
Wrote PulsedLatchDB: Time (s): cpu = 00:00:00 ; elapsed = 00:00:00 . Memory (MB): peak = 2393.254 ; gain = 0.000
Writing XDEF routing.
Writing XDEF routing logical nets.
Writing XDEF routing special nets.
Wrote RouteStorage: Time (s): cpu = 00:00:00 ; elapsed = 00:00:00.024 . Memory (MB): peak = 2393.254 ; gain = 0.000
Wrote Netlist Cache: Time (s): cpu = 00:00:00 ; elapsed = 00:00:00.002 . Memory (MB): peak = 2393.254 ; gain = 0.000
Wrote Device Cache: Time (s): cpu = 00:00:00 ; elapsed = 00:00:00.004 . Memory (MB): peak = 2393.254 ; gain = 0.000
Write Physdb Complete: Time (s): cpu = 00:00:01 ; elapsed = 00:00:00.156 . Memory (MB): peak = 2393.254 ; gain = 10.211
INFO: [Common 17-1381] The checkpoint 'C:/01_FPGA_Workspace/ethernet_main/ethernet_main.runs/impl_1/design_1_wrapper_routed.dcp' has been generated.
Command: write_bitstream -force design_1_wrapper.bit
Attempting to get a license for feature 'Implementation' and/or device 'xc7a200t'
INFO: [Common 17-349] Got license for feature 'Implementation' and/or device 'xc7a200t'
Running DRC as a precondition to command write_bitstream
INFO: [IP_Flow 19-1839] IP Catalog is up to date.
INFO: [DRC 23-27] Running DRC with 2 threads
INFO: [Vivado 12-3199] DRC finished with 0 Errors
INFO: [Vivado 12-3200] Please refer to the DRC report (report_drc) for more information.
INFO: [Designutils 20-2272] Running write_bitstream with 2 threads.
Loading data files...
Loading site data...
Loading route data...
Processing options...
Creating bitmap...
Creating bitstream...
Writing bitstream ./design_1_wrapper.bit...
INFO: [Vivado 12-1842] Bitgen Completed Successfully.
INFO: [Common 17-83] Releasing license: Implementation
145 Infos, 4 Warnings, 0 Critical Warnings and 0 Errors encountered.
write_bitstream completed successfully
write_bitstream: Time (s): cpu = 00:00:14 ; elapsed = 00:00:11 . Memory (MB): peak = 2960.559 ; gain = 567.305
INFO: [Common 17-206] Exiting Vivado at Sat Oct  3 22:21:33 2026...
